// Jest Snapshot v1, https://goo.gl/fbAQLP

exports[`Logo renders correctly and matches snapshot 1`] = `
<DocumentFragment>
  <div
    class="container "
    data-testid="logo"
    style="width: 5rem; height: 5rem;"
  >
    <img
      alt="Logo"
      data-nimg="fill"
      decoding="async"
      loading="lazy"
      src="/next.svg"
      style="position: absolute; height: 100%; width: 100%; left: 0px; top: 0px; right: 0px; bottom: 0px; color: transparent;"
    />
  </div>
</DocumentFragment>
`;
